# 테스트 로그파일

